# okx_ding_ok v2.8 运行日志
# 创建时间: 2026-09-06 02:59:04
============================================================
[2026-09-06 02:59:04] [INFO] 加载资金: 1000000.00
[2026-09-06 02:59:04] [INFO] 加载配置成功: 102 个币对
[2026-09-06 02:59:04] [INFO] 初始化币对状态...
[2026-09-06 02:59:08] [INFO] OKX 行情线程启动: 50 个币对
[2026-09-06 02:59:08] [INFO] Binance 行情线程启动: 52 个币对
[2026-09-06 02:59:08] [INFO] ============================================================
[2026-09-06 02:59:08] [INFO] 系统运行中，按 Ctrl+C 停止
[2026-09-06 02:59:08] [INFO] 交易模式: 本地模拟记账
[2026-09-06 02:59:08] [INFO] 检查频率: T0(实时) T1(1分钟) T2(15分钟) T3(30分钟) 买入队列(每日11:30/23:30)
[2026-09-06 02:59:08] [INFO] ============================================================
[2026-09-06 02:59:08] [INFO] OKX WebSocket 连接成功
[2026-09-06 02:59:08] [INFO] Binance WebSocket 连接成功
[2026-09-06 02:59:09] [INFO] BONK-USDT 回撤下-买入(近) @ 3.35e-06, 金额 20000.00, 数量 5.9701493e+09, 剩余 980000.00
[2026-09-06 02:59:09] [INFO] SAHARA-USDT 回撤下-买入(近) @ 0.00931, 金额 20000.00, 数量 2148227.7, 剩余 960000.00
[2026-09-06 02:59:11] [INFO] FET-USDT 回调下-买入(近) @ 0.1651, 金额 20000.00, 数量 121138.7, 剩余 940000.00
[2026-09-06 02:59:12] [INFO] ASTR-USDT 回调下-买入(近) @ 0.005894, 金额 20000.00, 数量 3393281.3, 剩余 920000.00
[2026-09-06 02:59:13] [INFO] SPK-USDT 回撤下-买入(近) @ 0.021, 金额 20000.00, 数量 952380.95, 剩余 900000.00
[2026-09-06 02:59:13] [INFO] ALGO-USDT 回撤下-买入(近) @ 0.09478, 金额 20000.00, 数量 211014.98, 剩余 880000.00
[2026-09-06 02:59:14] [INFO] TOSHI-USDT 回撤下-买入(近) @ 0.00012164, 金额 20000.00, 数量 1.644196e+08, 剩余 860000.00
[2026-09-06 02:59:14] [INFO] LRC-USDT 回调下-买入(近) @ 0.00833, 金额 20000.00, 数量 2400960.4, 剩余 840000.00
[2026-09-06 02:59:15] [INFO] GRT-USDT 回撤下-买入(近) @ 0.01764, 金额 20000.00, 数量 1133786.8, 剩余 820000.00
[2026-09-06 02:59:16] [INFO] T-USDT 回撤下-买入(近) @ 0.00425, 金额 20000.00, 数量 4705882.4, 剩余 800000.00
[2026-09-06 02:59:17] [INFO] ICP-USDT 回撤下-买入(近) @ 2.628, 金额 20000.00, 数量 7610.3501, 剩余 780000.00
[2026-09-06 02:59:18] [INFO] HMSTR-USDT 回撤下-买入(近) @ 0.0001829, 金额 20000.00, 数量 1.0934937e+08, 剩余 760000.00
[2026-09-06 02:59:18] [INFO] BERA-USDT 回撤下-买入(近) @ 0.1868, 金额 20000.00, 数量 107066.38, 剩余 740000.00
[2026-09-06 02:59:21] [INFO] ICX-USDT 回撤下-买入(近) @ 0.01527, 金额 20000.00, 数量 1309757.7, 剩余 720000.00
[2026-09-06 02:59:25] [INFO] CORE-USDT 回撤下-买入(近) @ 0.02208, 金额 20000.00, 数量 905797.1, 剩余 700000.00
[2026-09-06 02:59:29] [INFO] ZETA-USDT 回调下-买入(近) @ 0.03455, 金额 20000.00, 数量 578871.2, 剩余 680000.00
[2026-09-06 03:00:00] [INFO] ACH-USDT 回调下-买入(近) @ 0.005455, 金额 20000.00, 数量 3666361.1, 剩余 660000.00
[2026-09-06 03:00:00] [INFO] AVNT-USDT 回调下-买入(近) @ 0.10576, 金额 20000.00, 数量 189107.41, 剩余 640000.00
[2026-09-06 03:00:00] [INFO] ILV-USDT 回撤下-买入(近) @ 3.152, 金额 20000.00, 数量 6345.1777, 剩余 620000.00
[2026-09-06 03:00:00] [INFO] STORJ-USDT 次2-买入(近) @ 0.03036, 金额 20000.00, 数量 658761.53, 剩余 600000.00
[2026-09-06 03:00:00] [INFO] RSR-USDT 回调下-买入(近) @ 0.001409, 金额 20000.00, 数量 14194464, 剩余 580000.00
[2026-09-06 03:00:02] [INFO] YFI-USDT 回调下-买入(近) @ 2317, 金额 20000.00, 数量 8.6318515, 剩余 560000.00
[2026-09-06 03:00:06] [INFO] SPACE-USDT 回撤下-买入(近) @ 0.005096, 金额 20000.00, 数量 3924646.8, 剩余 540000.00
[2026-09-06 03:00:07] [INFO] LAT-USDT 回撤下-买入(近) @ 0.0005521, 金额 20000.00, 数量 36225321, 剩余 520000.00
[2026-09-06 03:00:07] [INFO] WCT-USDT 回撤下-买入(近) @ 0.03913, 金额 20000.00, 数量 511116.79, 剩余 500000.00
[2026-09-06 03:00:09] [INFO] TNSR-USDT 回撤下-买入(近) @ 0.0364, 金额 20000.00, 数量 549450.55, 剩余 480000.00
[2026-09-06 03:00:10] [INFO] A-USDT 回撤下-买入(近) @ 0.0797, 金额 20000.00, 数量 250941.03, 剩余 460000.00
[2026-09-06 03:00:10] [INFO] BIGTIME-USDT 回撤下-买入(近) @ 0.006739, 金额 20000.00, 数量 2967799.4, 剩余 440000.00
[2026-09-06 03:00:12] [INFO] LINEA-USDT 回调下-买入(近) @ 0.002637, 金额 20000.00, 数量 7584376.2, 剩余 420000.00
[2026-09-06 03:00:14] [INFO] KSM-USDT 回调下-买入(近) @ 3.7, 金额 20000.00, 数量 5405.4054, 剩余 400000.00
[2026-09-06 03:01:30] [INFO] CITY-USDT 回调下-买入(近) @ 0.37, 金额 20000.00, 数量 54054.054, 剩余 380000.00
[2026-09-06 03:04:39] [INFO] GMT-USDT 回撤下-买入(近) @ 0.007459, 金额 20000.00, 数量 2681324.6, 剩余 360000.00
[2026-09-06 03:20:50] [INFO] 加载资金: 360000.00
[2026-09-06 03:20:50] [INFO] 加载配置成功: 102 个币对
[2026-09-06 03:20:50] [INFO] 交易模式: 本地模拟(仅CSV记账)
[2026-09-06 03:20:50] [INFO] 初始化币对状态...
[2026-09-06 03:20:55] [INFO] OKX 行情线程启动: 56 个币对
[2026-09-06 03:20:55] [INFO] Binance 行情线程启动: 46 个币对
[2026-09-06 03:20:55] [INFO] ============================================================
[2026-09-06 03:20:55] [INFO] 系统运行中，按 Ctrl+C 停止
[2026-09-06 03:20:55] [INFO] 检查频率: T0(实时) T1(1分钟) T2(15分钟) T3(30分钟) 买入队列(每日11:30/23:30)
[2026-09-06 03:20:55] [INFO] ============================================================
[2026-09-06 03:20:55] [INFO] Binance WebSocket 连接成功
[2026-09-06 03:20:55] [INFO] OKX WebSocket 连接成功
[2026-09-06 03:24:00] [INFO] ONE-USDT 回调下-买入(近) @ 0.000727, 金额 20000.00, 数量 27510316, 剩余 340000.00
[2026-09-06 03:29:37] [INFO] SKL-USDT 回撤下-买入(近) @ 0.003806, 金额 20000.00, 数量 5254860.7, 剩余 320000.00
